[localhost_57233/help.html]
[backblue.gif]
[fade.gif]
[index.html]
[localhost_57233/Content/bootstrap.css]
[localhost_57233/Content/site.css]
[localhost_57233/Help-2.html]
[localhost_57233/Areas/HelpPage/HelpPage.css]
[localhost_57233/Help/Api/GET-api-users-userId-workgroups-workgroupId.html]
[localhost_57233/Scripts/modernizr-2.6.2.js]
[localhost_57233/Help/Api/GET-api-users-userId-workgroups_count.html]
[localhost_57233/Help/Api/POST-api-login_username_password.html]
[localhost_57233/Help/Api/GET-api-campuses.html]
[localhost_57233/Help/Api/GET-api-campuses-campusId-buildings.html]
[localhost_57233/Help/Api/GET-api-buildings-buildingId-rooms.html]
[localhost_57233/Help/Api/GET-api-rooms-roomId-workstations.html]
[localhost_57233/Help/Api/POST-api-Home.html]
[localhost_57233/Help/Api/PUT-api-workgroups-workgroupId-workstations-workstationId-sharing.html]
[localhost_57233/Help/Api/PUT-api-workgroups-workgroupId-sharing.html]
[localhost_57233/Help/Api/POST-api-workgroups-workgroupId-workstations-workstationId.html]
[localhost_57233/Help/Api/DELETE-api-workgroups-workgroupId-workstations-workstationId.html]
[localhost_57233/Help/Api/GET-api-workgroups-workgroupId-workstations.html]
[localhost_57233/Help/Api/POST-api-workgroups.html]
[localhost_57233/Help/Api/POST-api-admin-campuses_campusName.html]
[localhost_57233/Help/Api/POST-api-admin-campuses-campusId-buildings.html]
[localhost_57233/Help/Api/POST-api-admin-buildings-buildingId-rooms.html]
[localhost_57233/Help/Api/POST-api-admin-rooms-roomId-workstations.html]
[localhost_57233/Help/Api/GET-api-admin-userRoles.html]
[localhost_57233/Help/Api/POST-api-admin-users.html]
[localhost_57233/help.html]
[localhost_57233/fonts/glyphicons-halflings-regular.eot]
[localhost_57233/Scripts/respond.js]
[localhost_57233/fonts/glyphicons-halflings-regular.woff]
[localhost_57233/Scripts/bootstrap.js]
[localhost_57233/fonts/glyphicons-halflings-regulard41d.eot]
[localhost_57233/fonts/glyphicons-halflings-regular.ttf]
[localhost_57233/Content/bootstrap.css]
[localhost_57233/Content/site.css]
[localhost_57233/index.html]
[localhost_57233/Help-2.html]
[localhost_57233/Areas/HelpPage/HelpPage.css]
[localhost_57233/Help/ResourceModel3e20.html]
[localhost_57233/Help/ResourceModelded5.html]
[localhost_57233/Help/ResourceModelb54b.html]
[localhost_57233/Help/Api/GET-api-users-userId-workgroups-workgroupId.html]
[localhost_57233/Help/ResourceModel7781.html]
[localhost_57233/Help/Api/GET-api-users-userId-workgroups_count.html]
[localhost_57233/Help/ResourceModel117f.html]
[localhost_57233/Help/Api/POST-api-login_username_password.html]
[localhost_57233/Help/Api/GET-api-campuses.html]
[localhost_57233/Help/Api/GET-api-campuses-campusId-buildings.html]
[localhost_57233/Help/Api/GET-api-buildings-buildingId-rooms.html]
[localhost_57233/Help/Api/GET-api-rooms-roomId-workstations.html]
[localhost_57233/Help/ResourceModel97c9.html]
[localhost_57233/Help/Api/POST-api-Home.html]
[localhost_57233/Help/Api/PUT-api-workgroups-workgroupId-workstations-workstationId-sharing.html]
[localhost_57233/Help/Api/PUT-api-workgroups-workgroupId-sharing.html]
[localhost_57233/Help/Api/POST-api-workgroups-workgroupId-workstations-workstationId.html]
[localhost_57233/Help/Api/DELETE-api-workgroups-workgroupId-workstations-workstationId.html]
[localhost_57233/Help/ResourceModel1f99.html]
[localhost_57233/Help/Api/GET-api-workgroups-workgroupId-workstations.html]
[localhost_57233/Help/ResourceModel73aa.html]
[localhost_57233/Help/Api/POST-api-workgroups.html]
[localhost_57233/Help/ResourceModele128.html]
[localhost_57233/Help/Api/POST-api-admin-campuses_campusName.html]
[localhost_57233/Help/Api/POST-api-admin-campuses-campusId-buildings.html]
[localhost_57233/Help/Api/POST-api-admin-buildings-buildingId-rooms.html]
[localhost_57233/Help/ResourceModelfe96.html]
[localhost_57233/Help/Api/POST-api-admin-rooms-roomId-workstations.html]
[localhost_57233/Help/Api/GET-api-admin-userRoles.html]
[localhost_57233/Help/ResourceModelda1a.html]
[localhost_57233/Help/ResourceModel0571.html]
[localhost_57233/Help/Api/POST-api-admin-users.html]
[localhost_57233/Scripts/jquery-1.10.2.js]
[localhost_57233/fonts/glyphicons-halflings-regular.svg]
[localhost_57233/Help/ResourceModel3e20.html]
[localhost_57233/Help/ResourceModelded5.html]
[localhost_57233/Help/ResourceModelb54b.html]
[localhost_57233/Help/ResourceModel7781.html]
[localhost_57233/Help/ResourceModel117f.html]
[localhost_57233/Help/ResourceModel97c9.html]
[localhost_57233/Help/ResourceModel1f99.html]
[localhost_57233/Help/ResourceModel73aa.html]
[localhost_57233/Help/ResourceModele128.html]
[localhost_57233/Help/ResourceModelfe96.html]
[localhost_57233/Help/ResourceModelda1a.html]
[localhost_57233/Help/ResourceModel0571.html]
